Hello zhangy50! You are on node gpu50, 9377063.  The time is Mon Jul 28 04:06:49 EEST 2025.

----------------------------------------------------------------------------
  cuda:
----------------------------------------------------------------------------
     Versions:
        cuda/12.2.1
        cuda/12.6.2

----------------------------------------------------------------------------
  For detailed information about a specific "cuda" package (including how to load the modules) use the module's full name.
  Note that names that have a trailing (E) are extensions provided by other modules.
  For example:

     $ module spider cuda/12.6.2
----------------------------------------------------------------------------

 

Mon Jul 28 04:06:51 2025       
+-----------------------------------------------------------------------------------------+
| NVIDIA-SMI 570.124.06             Driver Version: 570.124.06     CUDA Version: 12.8     |
|-----------------------------------------+------------------------+----------------------+
| GPU  Name                 Persistence-M | Bus-Id          Disp.A | Volatile Uncorr. ECC |
| Fan  Temp   Perf          Pwr:Usage/Cap |           Memory-Usage | GPU-Util  Compute M. |
|                                         |                        |               MIG M. |
|=========================================+========================+======================|
|   0  NVIDIA H200                    On  |   00000000:3B:00.0 Off |                    0 |
| N/A   27C    P0             77W /  700W |       1MiB / 143771MiB |      0%      Default |
|                                         |                        |             Disabled |
+-----------------------------------------+------------------------+----------------------+
                                                                                         
+-----------------------------------------------------------------------------------------+
| Processes:                                                                              |
|  GPU   GI   CI              PID   Type   Process name                        GPU Memory |
|        ID   ID                                                               Usage      |
|=========================================================================================|
|  No running processes found                                                             |
+-----------------------------------------------------------------------------------------+
/scratch/work/zhangy50/RL/Spot_VLA/openvla
2025-07-28 04:07:32.927064: I tensorflow/core/util/port.cc:153] oneDNN custom operations are on. You may see slightly different numerical results due to floating-point round-off errors from different computation orders. To turn them off, set the environment variable `TF_ENABLE_ONEDNN_OPTS=0`.
2025-07-28 04:07:35.850737: E external/local_xla/xla/stream_executor/cuda/cuda_fft.cc:467] Unable to register cuFFT factory: Attempting to register factory for plugin cuFFT when one has already been registered
WARNING: All log messages before absl::InitializeLog() is called are written to STDERR
E0000 00:00:1753664856.356325 2933988 cuda_dnn.cc:8579] Unable to register cuDNN factory: Attempting to register factory for plugin cuDNN when one has already been registered
E0000 00:00:1753664856.595263 2933988 cuda_blas.cc:1407] Unable to register cuBLAS factory: Attempting to register factory for plugin cuBLAS when one has already been registered
W0000 00:00:1753664858.267783 2933988 computation_placer.cc:177] computation placer already registered. Please check linkage and avoid linking the same target more than once.
W0000 00:00:1753664858.267846 2933988 computation_placer.cc:177] computation placer already registered. Please check linkage and avoid linking the same target more than once.
W0000 00:00:1753664858.267854 2933988 computation_placer.cc:177] computation placer already registered. Please check linkage and avoid linking the same target more than once.
W0000 00:00:1753664858.267860 2933988 computation_placer.cc:177] computation placer already registered. Please check linkage and avoid linking the same target more than once.
2025-07-28 04:07:38.499141: I tensorflow/core/platform/cpu_feature_guard.cc:210] This TensorFlow binary is optimized to use available CPU instructions in performance-critical operations.
To enable the following instructions: AVX2 AVX512F AVX512_VNNI AVX512_BF16 AVX512_FP16 AVX_VNNI AMX_TILE AMX_INT8 AMX_BF16 FMA, in other operations, rebuild TensorFlow with the appropriate compiler flags.
W0000 00:00:1753664883.793494 2933988 gpu_device.cc:2341] Cannot dlopen some GPU libraries. Please make sure the missing libraries mentioned above are installed properly if you would like to use GPU. Follow the guide at https://www.tensorflow.org/install/gpu for how to download and setup the required libraries for your platform.
Skipping registering GPU devices...
Fine-tuning OpenVLA Model `openvla/openvla-7b` on `libero_goal_no_noops`. Dataset path: /scratch/work/zhangy50/RL/Spot_VLA/dataset/modified_libero_rlds
Loading checkpoint shards:   0%|          | 0/3 [00:00<?, ?it/s]Loading checkpoint shards:  33%|███▎      | 1/3 [00:03<00:07,  3.69s/it]Loading checkpoint shards:  67%|██████▋   | 2/3 [00:05<00:02,  2.41s/it]Loading checkpoint shards: 100%|██████████| 3/3 [00:05<00:00,  1.47s/it]Loading checkpoint shards: 100%|██████████| 3/3 [00:05<00:00,  1.85s/it]
Loading LoRA adapter weights from /scratch/work/zhangy50/RL/Spot_VLA/openvla/runs/3190_Good_726_H200_2h_openvla-7b+dataset+libero_goal_no_noops+b16+lr-0.0005+shf1000+lora-r32+dropout-0.0--image_aug
Traceback (most recent call last):
  File "/scratch/work/zhangy50/.conda_envs/openvla/lib/python3.10/site-packages/peft/config.py", line 197, in _get_peft_type
    config_file = hf_hub_download(
  File "/scratch/work/zhangy50/.conda_envs/openvla/lib/python3.10/site-packages/huggingface_hub/utils/_validators.py", line 106, in _inner_fn
    validate_repo_id(arg_value)
  File "/scratch/work/zhangy50/.conda_envs/openvla/lib/python3.10/site-packages/huggingface_hub/utils/_validators.py", line 154, in validate_repo_id
    raise HFValidationError(
huggingface_hub.errors.HFValidationError: Repo id must be in the form 'repo_name' or 'namespace/repo_name': '/scratch/work/zhangy50/RL/Spot_VLA/openvla/runs/3190_Good_726_H200_2h_openvla-7b+dataset+libero_goal_no_noops+b16+lr-0.0005+shf1000+lora-r32+dropout-0.0--image_aug'. Use `repo_type` argument if needed.

During handling of the above exception, another exception occurred:

Traceback (most recent call last):
  File "/scratch/work/zhangy50/RL/Spot_VLA/openvla/vla-scripts/finetune_early_stop.py", line 768, in <module>
    finetune()
  File "/scratch/work/zhangy50/.conda_envs/openvla/lib/python3.10/site-packages/draccus/argparsing.py", line 203, in wrapper_inner
    response = fn(cfg, *args, **kwargs)
  File "/scratch/work/zhangy50/RL/Spot_VLA/openvla/vla-scripts/finetune_early_stop.py", line 274, in finetune
    vla = PeftModel.from_pretrained(vla, cfg.adapter_path, is_trainable=True)
  File "/scratch/work/zhangy50/.conda_envs/openvla/lib/python3.10/site-packages/peft/peft_model.py", line 372, in from_pretrained
    PeftConfig._get_peft_type(
  File "/scratch/work/zhangy50/.conda_envs/openvla/lib/python3.10/site-packages/peft/config.py", line 203, in _get_peft_type
    raise ValueError(f"Can't find '{CONFIG_NAME}' at '{model_id}'")
ValueError: Can't find 'adapter_config.json' at '/scratch/work/zhangy50/RL/Spot_VLA/openvla/runs/3190_Good_726_H200_2h_openvla-7b+dataset+libero_goal_no_noops+b16+lr-0.0005+shf1000+lora-r32+dropout-0.0--image_aug'
[2025-07-28 04:08:56,215] torch.distributed.elastic.multiprocessing.api: [ERROR] failed (exitcode: 1) local_rank: 0 (pid: 2933988) of binary: /scratch/work/zhangy50/.conda_envs/openvla/bin/python
Traceback (most recent call last):
  File "/scratch/work/zhangy50/.conda_envs/openvla/bin/torchrun", line 33, in <module>
    sys.exit(load_entry_point('torch==2.2.0', 'console_scripts', 'torchrun')())
  File "/scratch/work/zhangy50/.conda_envs/openvla/lib/python3.10/site-packages/torch/distributed/elastic/multiprocessing/errors/__init__.py", line 347, in wrapper
    return f(*args, **kwargs)
  File "/scratch/work/zhangy50/.conda_envs/openvla/lib/python3.10/site-packages/torch/distributed/run.py", line 812, in main
    run(args)
  File "/scratch/work/zhangy50/.conda_envs/openvla/lib/python3.10/site-packages/torch/distributed/run.py", line 803, in run
    elastic_launch(
  File "/scratch/work/zhangy50/.conda_envs/openvla/lib/python3.10/site-packages/torch/distributed/launcher/api.py", line 135, in __call__
    return launch_agent(self._config, self._entrypoint, list(args))
  File "/scratch/work/zhangy50/.conda_envs/openvla/lib/python3.10/site-packages/torch/distributed/launcher/api.py", line 268, in launch_agent
    raise ChildFailedError(
torch.distributed.elastic.multiprocessing.errors.ChildFailedError: 
============================================================
vla-scripts/finetune_early_stop.py FAILED
------------------------------------------------------------
Failures:
  <NO_OTHER_FAILURES>
------------------------------------------------------------
Root Cause (first observed failure):
[0]:
  time      : 2025-07-28_04:08:56
  host      : gpu50.int.triton.aalto.fi
  rank      : 0 (local_rank: 0)
  exitcode  : 1 (pid: 2933988)
  error_file: <N/A>
  traceback : To enable traceback see: https://pytorch.org/docs/stable/elastic/errors.html
============================================================
Finish time is Mon Jul 28 04:08:56 EEST 2025.
Mon Jul 28 04:08:56 2025       
+-----------------------------------------------------------------------------------------+
| NVIDIA-SMI 570.124.06             Driver Version: 570.124.06     CUDA Version: 12.8     |
|-----------------------------------------+------------------------+----------------------+
| GPU  Name                 Persistence-M | Bus-Id          Disp.A | Volatile Uncorr. ECC |
| Fan  Temp   Perf          Pwr:Usage/Cap |           Memory-Usage | GPU-Util  Compute M. |
|                                         |                        |               MIG M. |
|=========================================+========================+======================|
|   0  NVIDIA H200                    On  |   00000000:3B:00.0 Off |                    0 |
| N/A   29C    P0            123W /  700W |       1MiB / 143771MiB |      0%      Default |
|                                         |                        |             Disabled |
+-----------------------------------------+------------------------+----------------------+
                                                                                         
+-----------------------------------------------------------------------------------------+
| Processes:                                                                              |
|  GPU   GI   CI              PID   Type   Process name                        GPU Memory |
|        ID   ID                                                               Usage      |
|=========================================================================================|
|  No running processes found                                                             |
+-----------------------------------------------------------------------------------------+
Job ID: 9377063
Cluster: triton
User/Group: zhangy50/zhangy50
State: RUNNING
Nodes: 1
Cores per node: 4
CPU Utilized: 00:00:00
CPU Efficiency: 0.00% of 00:08:28 core-walltime
Job Wall-clock time: 00:02:07
Memory Utilized: 0.00 MB
Memory Efficiency: 0.00% of 60.00 GB (60.00 GB/node)
WARNING: Efficiency statistics can only be obtained after the job has ended as seff tool is based on the accounting database data.
GPUs reserved: h200 (x1)
GPU VRAM Utilized:  MB
